------------------------------------------------------------
Timing Analyzer Summary
------------------------------------------------------------

Type  : Slow 1100mV 85C Model Setup 'clk'
Slack : -0.165
TNS   : -0.655

Type  : Slow 1100mV 85C Model Hold 'clk'
Slack : 0.283
TNS   : 0.000

Type  : Slow 1100mV 85C Model Minimum Pulse Width 'clk'
Slack : 0.383
TNS   : 0.000

Type  : Slow 1100mV 0C Model Setup 'clk'
Slack : -0.122
TNS   : -0.365

Type  : Slow 1100mV 0C Model Hold 'clk'
Slack : 0.262
TNS   : 0.000

Type  : Slow 1100mV 0C Model Minimum Pulse Width 'clk'
Slack : 0.303
TNS   : 0.000

Type  : Fast 1100mV 85C Model Setup 'clk'
Slack : 0.587
TNS   : 0.000

Type  : Fast 1100mV 85C Model Hold 'clk'
Slack : 0.185
TNS   : 0.000

Type  : Fast 1100mV 85C Model Minimum Pulse Width 'clk'
Slack : 0.418
TNS   : 0.000

Type  : Fast 1100mV 0C Model Setup 'clk'
Slack : 0.719
TNS   : 0.000

Type  : Fast 1100mV 0C Model Hold 'clk'
Slack : 0.170
TNS   : 0.000

Type  : Fast 1100mV 0C Model Minimum Pulse Width 'clk'
Slack : 0.417
TNS   : 0.000

------------------------------------------------------------
