------------------------------------------------------------
Timing Analyzer Summary
------------------------------------------------------------

Type  : Slow 1100mV 85C Model Setup 'clk'
Slack : -0.393
TNS   : -11.991

Type  : Slow 1100mV 85C Model Hold 'clk'
Slack : 0.379
TNS   : 0.000

Type  : Slow 1100mV 85C Model Minimum Pulse Width 'clk'
Slack : 0.229
TNS   : 0.000

Type  : Slow 1100mV 0C Model Setup 'clk'
Slack : -0.391
TNS   : -8.897

Type  : Slow 1100mV 0C Model Hold 'clk'
Slack : 0.374
TNS   : 0.000

Type  : Slow 1100mV 0C Model Minimum Pulse Width 'clk'
Slack : 0.092
TNS   : 0.000

Type  : Fast 1100mV 85C Model Setup 'clk'
Slack : 0.736
TNS   : 0.000

Type  : Fast 1100mV 85C Model Hold 'clk'
Slack : 0.167
TNS   : 0.000

Type  : Fast 1100mV 85C Model Minimum Pulse Width 'clk'
Slack : 0.413
TNS   : 0.000

Type  : Fast 1100mV 0C Model Setup 'clk'
Slack : 0.878
TNS   : 0.000

Type  : Fast 1100mV 0C Model Hold 'clk'
Slack : 0.154
TNS   : 0.000

Type  : Fast 1100mV 0C Model Minimum Pulse Width 'clk'
Slack : 0.410
TNS   : 0.000

------------------------------------------------------------
