Analysis & Synthesis report for FIR_filter
Wed Jan 03 23:08:14 2024
Quartus Prime Version 18.1.0 Build 625 09/12/2018 SJ Lite Edition


---------------------
; Table of Contents ;
---------------------
  1. Legal Notice
  2. Analysis & Synthesis Summary
  3. Analysis & Synthesis Settings
  4. Parallel Compilation
  5. Analysis & Synthesis Source Files Read
  6. Analysis & Synthesis Resource Usage Summary
  7. Analysis & Synthesis Resource Utilization by Entity
  8. Analysis & Synthesis DSP Block Usage Summary
  9. General Register Statistics
 10. Parameter Settings for User Entity Instance: Top-level Entity: |FIR_symmetric
 11. Parameter Settings for User Entity Instance: tap:generate_FIR_taps[0].U0
 12. Parameter Settings for User Entity Instance: tap:generate_FIR_taps[1].U0
 13. Parameter Settings for User Entity Instance: tap:generate_FIR_taps[2].U0
 14. Parameter Settings for User Entity Instance: tap:generate_FIR_taps[3].U0
 15. Parameter Settings for User Entity Instance: tap:generate_FIR_taps[4].U0
 16. Parameter Settings for User Entity Instance: tap:generate_FIR_taps[5].U0
 17. Parameter Settings for User Entity Instance: tap:generate_FIR_taps[6].U0
 18. Parameter Settings for User Entity Instance: tap:generate_FIR_taps[7].U0
 19. Parameter Settings for User Entity Instance: tap:generate_FIR_taps[8].U0
 20. Parameter Settings for User Entity Instance: tap:generate_FIR_taps[9].U0
 21. Parameter Settings for User Entity Instance: tap:generate_FIR_taps[10].U0
 22. Parameter Settings for User Entity Instance: tap:generate_FIR_taps[11].U0
 23. Parameter Settings for User Entity Instance: tap:generate_FIR_taps[12].U0
 24. Parameter Settings for User Entity Instance: tap:generate_FIR_taps[13].U0
 25. Parameter Settings for User Entity Instance: tap:generate_FIR_taps[14].U0
 26. Parameter Settings for User Entity Instance: tap:generate_FIR_taps[15].U0
 27. Parameter Settings for User Entity Instance: tap:generate_FIR_taps[16].U0
 28. Parameter Settings for User Entity Instance: tap:generate_FIR_taps[17].U0
 29. Parameter Settings for User Entity Instance: tap:generate_FIR_taps[18].U0
 30. Parameter Settings for User Entity Instance: tap:generate_FIR_taps[19].U0
 31. Parameter Settings for User Entity Instance: tap:generate_FIR_taps[20].U0
 32. Parameter Settings for User Entity Instance: tap:generate_FIR_taps[21].U0
 33. Parameter Settings for User Entity Instance: tap:generate_FIR_taps[22].U0
 34. Parameter Settings for User Entity Instance: tap:generate_FIR_taps[23].U0
 35. Parameter Settings for User Entity Instance: tap:generate_FIR_taps[24].U0
 36. Parameter Settings for User Entity Instance: tap:generate_FIR_taps[25].U0
 37. Post-Synthesis Netlist Statistics for Top Partition
 38. Elapsed Time Per Partition
 39. Analysis & Synthesis Messages



----------------
; Legal Notice ;
----------------
Copyright (C) 2018  Intel Corporation. All rights reserved.
Your use of Intel Corporation's design tools, logic functions 
and other software and tools, and its AMPP partner logic 
functions, and any output files from any of the foregoing 
(including device programming or simulation files), and any 
associated documentation or information are expressly subject 
to the terms and conditions of the Intel Program License 
Subscription Agreement, the Intel Quartus Prime License Agreement,
the Intel FPGA IP License Agreement, or other applicable license
agreement, including, without limitation, that your use is for
the sole purpose of programming logic devices manufactured by
Intel and sold by Intel or its authorized distributors.  Please
refer to the applicable agreement for further details.



+-------------------------------------------------------------------------------+
; Analysis & Synthesis Summary                                                  ;
+---------------------------------+---------------------------------------------+
; Analysis & Synthesis Status     ; Successful - Wed Jan 03 23:08:14 2024       ;
; Quartus Prime Version           ; 18.1.0 Build 625 09/12/2018 SJ Lite Edition ;
; Revision Name                   ; FIR_filter                                  ;
; Top-level Entity Name           ; FIR_symmetric                               ;
; Family                          ; Cyclone V                                   ;
; Logic utilization (in ALMs)     ; N/A                                         ;
; Total registers                 ; 1272                                        ;
; Total pins                      ; 50                                          ;
; Total virtual pins              ; 0                                           ;
; Total block memory bits         ; 0                                           ;
; Total DSP Blocks                ; 30                                          ;
; Total HSSI RX PCSs              ; 0                                           ;
; Total HSSI PMA RX Deserializers ; 0                                           ;
; Total HSSI TX PCSs              ; 0                                           ;
; Total HSSI PMA TX Serializers   ; 0                                           ;
; Total PLLs                      ; 0                                           ;
; Total DLLs                      ; 0                                           ;
+---------------------------------+---------------------------------------------+


+---------------------------------------------------------------------------------------------------------------------------+
; Analysis & Synthesis Settings                                                                                             ;
+---------------------------------------------------------------------------------+--------------------+--------------------+
; Option                                                                          ; Setting            ; Default Value      ;
+---------------------------------------------------------------------------------+--------------------+--------------------+
; Device                                                                          ; 5CGXFC7C7F23C8     ;                    ;
; Top-level entity name                                                           ; FIR_symmetric      ; FIR_filter         ;
; Family name                                                                     ; Cyclone V          ; Cyclone V          ;
; Use smart compilation                                                           ; Off                ; Off                ;
; Enable parallel Assembler and Timing Analyzer during compilation                ; On                 ; On                 ;
; Enable compact report table                                                     ; Off                ; Off                ;
; Restructure Multiplexers                                                        ; Auto               ; Auto               ;
; MLAB Add Timing Constraints For Mixed-Port Feed-Through Mode Setting Don't Care ; Off                ; Off                ;
; Create Debugging Nodes for IP Cores                                             ; Off                ; Off                ;
; Preserve fewer node names                                                       ; On                 ; On                 ;
; Intel FPGA IP Evaluation Mode                                                   ; Enable             ; Enable             ;
; Verilog Version                                                                 ; Verilog_2001       ; Verilog_2001       ;
; VHDL Version                                                                    ; VHDL_1993          ; VHDL_1993          ;
; State Machine Processing                                                        ; Auto               ; Auto               ;
; Safe State Machine                                                              ; Off                ; Off                ;
; Extract Verilog State Machines                                                  ; On                 ; On                 ;
; Extract VHDL State Machines                                                     ; On                 ; On                 ;
; Ignore Verilog initial constructs                                               ; Off                ; Off                ;
; Iteration limit for constant Verilog loops                                      ; 5000               ; 5000               ;
; Iteration limit for non-constant Verilog loops                                  ; 250                ; 250                ;
; Add Pass-Through Logic to Inferred RAMs                                         ; On                 ; On                 ;
; Infer RAMs from Raw Logic                                                       ; On                 ; On                 ;
; Parallel Synthesis                                                              ; On                 ; On                 ;
; DSP Block Balancing                                                             ; Auto               ; Auto               ;
; NOT Gate Push-Back                                                              ; On                 ; On                 ;
; Power-Up Don't Care                                                             ; On                 ; On                 ;
; Remove Redundant Logic Cells                                                    ; Off                ; Off                ;
; Remove Duplicate Registers                                                      ; On                 ; On                 ;
; Ignore CARRY Buffers                                                            ; Off                ; Off                ;
; Ignore CASCADE Buffers                                                          ; Off                ; Off                ;
; Ignore GLOBAL Buffers                                                           ; Off                ; Off                ;
; Ignore ROW GLOBAL Buffers                                                       ; Off                ; Off                ;
; Ignore LCELL Buffers                                                            ; Off                ; Off                ;
; Ignore SOFT Buffers                                                             ; On                 ; On                 ;
; Limit AHDL Integers to 32 Bits                                                  ; Off                ; Off                ;
; Optimization Technique                                                          ; Balanced           ; Balanced           ;
; Carry Chain Length                                                              ; 70                 ; 70                 ;
; Auto Carry Chains                                                               ; On                 ; On                 ;
; Auto Open-Drain Pins                                                            ; On                 ; On                 ;
; Perform WYSIWYG Primitive Resynthesis                                           ; Off                ; Off                ;
; Auto ROM Replacement                                                            ; On                 ; On                 ;
; Auto RAM Replacement                                                            ; On                 ; On                 ;
; Auto DSP Block Replacement                                                      ; On                 ; On                 ;
; Auto Shift Register Replacement                                                 ; Auto               ; Auto               ;
; Allow Shift Register Merging across Hierarchies                                 ; Auto               ; Auto               ;
; Auto Clock Enable Replacement                                                   ; On                 ; On                 ;
; Strict RAM Replacement                                                          ; Off                ; Off                ;
; Allow Synchronous Control Signals                                               ; On                 ; On                 ;
; Force Use of Synchronous Clear Signals                                          ; Off                ; Off                ;
; Auto Resource Sharing                                                           ; Off                ; Off                ;
; Allow Any RAM Size For Recognition                                              ; Off                ; Off                ;
; Allow Any ROM Size For Recognition                                              ; Off                ; Off                ;
; Allow Any Shift Register Size For Recognition                                   ; Off                ; Off                ;
; Use LogicLock Constraints during Resource Balancing                             ; On                 ; On                 ;
; Ignore translate_off and synthesis_off directives                               ; Off                ; Off                ;
; Timing-Driven Synthesis                                                         ; On                 ; On                 ;
; Report Parameter Settings                                                       ; On                 ; On                 ;
; Report Source Assignments                                                       ; On                 ; On                 ;
; Report Connectivity Checks                                                      ; On                 ; On                 ;
; Ignore Maximum Fan-Out Assignments                                              ; Off                ; Off                ;
; Synchronization Register Chain Length                                           ; 3                  ; 3                  ;
; Power Optimization During Synthesis                                             ; Normal compilation ; Normal compilation ;
; HDL message level                                                               ; Level2             ; Level2             ;
; Suppress Register Optimization Related Messages                                 ; Off                ; Off                ;
; Number of Removed Registers Reported in Synthesis Report                        ; 5000               ; 5000               ;
; Number of Swept Nodes Reported in Synthesis Report                              ; 5000               ; 5000               ;
; Number of Inverted Registers Reported in Synthesis Report                       ; 100                ; 100                ;
; Clock MUX Protection                                                            ; On                 ; On                 ;
; Auto Gated Clock Conversion                                                     ; Off                ; Off                ;
; Block Design Naming                                                             ; Auto               ; Auto               ;
; SDC constraint protection                                                       ; Off                ; Off                ;
; Synthesis Effort                                                                ; Auto               ; Auto               ;
; Shift Register Replacement - Allow Asynchronous Clear Signal                    ; On                 ; On                 ;
; Pre-Mapping Resynthesis Optimization                                            ; Off                ; Off                ;
; Analysis & Synthesis Message Level                                              ; Medium             ; Medium             ;
; Disable Register Merging Across Hierarchies                                     ; Auto               ; Auto               ;
; Resource Aware Inference For Block RAM                                          ; On                 ; On                 ;
; Automatic Parallel Synthesis                                                    ; On                 ; On                 ;
; Partial Reconfiguration Bitstream ID                                            ; Off                ; Off                ;
+---------------------------------------------------------------------------------+--------------------+--------------------+


+------------------------------------------+
; Parallel Compilation                     ;
+----------------------------+-------------+
; Processors                 ; Number      ;
+----------------------------+-------------+
; Number detected on machine ; 12          ;
; Maximum allowed            ; 12          ;
;                            ;             ;
; Average used               ; 1.00        ;
; Maximum used               ; 4           ;
;                            ;             ;
; Usage by Processor         ; % Time Used ;
;     Processor 1            ; 100.0%      ;
;     Processor 2            ;   0.0%      ;
;     Processor 3            ;   0.0%      ;
;     Processor 4            ;   0.0%      ;
+----------------------------+-------------+


+-----------------------------------------------------------------------------------------------------------------------------------------------------------------------------------+
; Analysis & Synthesis Source Files Read                                                                                                                                            ;
+----------------------------------+-----------------+------------------------------+-------------------------------------------------------------------------------------+---------+
; File Name with User-Entered Path ; Used in Netlist ; File Type                    ; File Name with Absolute Path                                                        ; Library ;
+----------------------------------+-----------------+------------------------------+-------------------------------------------------------------------------------------+---------+
; FIR_symmetric.sv                 ; yes             ; User SystemVerilog HDL File  ; C:/Users/flipa/OneDrive - UBC/Projects/Parallel-FIR-filter-verilog/FIR_symmetric.sv ;         ;
; params.v                         ; yes             ; Auto-Found Verilog HDL File  ; C:/Users/flipa/OneDrive - UBC/Projects/Parallel-FIR-filter-verilog/params.v         ;         ;
+----------------------------------+-----------------+------------------------------+-------------------------------------------------------------------------------------+---------+


+---------------------------------------------------------+
; Analysis & Synthesis Resource Usage Summary             ;
+---------------------------------------------+-----------+
; Resource                                    ; Usage     ;
+---------------------------------------------+-----------+
; Estimate of Logic utilization (ALMs needed) ; 760       ;
;                                             ;           ;
; Combinational ALUT usage for logic          ; 742       ;
;     -- 7 input functions                    ; 0         ;
;     -- 6 input functions                    ; 0         ;
;     -- 5 input functions                    ; 0         ;
;     -- 4 input functions                    ; 0         ;
;     -- <=3 input functions                  ; 742       ;
;                                             ;           ;
; Dedicated logic registers                   ; 1272      ;
;                                             ;           ;
; I/O pins                                    ; 50        ;
;                                             ;           ;
; Total DSP Blocks                            ; 30        ;
;                                             ;           ;
; Maximum fan-out node                        ; clk~input ;
; Maximum fan-out                             ; 1272      ;
; Total fan-out                               ; 7184      ;
; Average fan-out                             ; 3.35      ;
+---------------------------------------------+-----------+


+-------------------------------------------------------------------------------------------------------------------------------------------------------------------------------------------------------------------------+
; Analysis & Synthesis Resource Utilization by Entity                                                                                                                                                                     ;
+-----------------------------------+---------------------+---------------------------+-------------------+------------+------+--------------+---------------------------------------------+---------------+--------------+
; Compilation Hierarchy Node        ; Combinational ALUTs ; Dedicated Logic Registers ; Block Memory Bits ; DSP Blocks ; Pins ; Virtual Pins ; Full Hierarchy Name                         ; Entity Name   ; Library Name ;
+-----------------------------------+---------------------+---------------------------+-------------------+------------+------+--------------+---------------------------------------------+---------------+--------------+
; |FIR_symmetric                    ; 742 (141)           ; 1272 (1272)               ; 0                 ; 30         ; 50   ; 0            ; |FIR_symmetric                              ; FIR_symmetric ; work         ;
;    |tap:generate_FIR_taps[0].U0|  ; 25 (25)             ; 0 (0)                     ; 0                 ; 2          ; 0    ; 0            ; |FIR_symmetric|tap:generate_FIR_taps[0].U0  ; tap           ; work         ;
;    |tap:generate_FIR_taps[10].U0| ; 97 (97)             ; 0 (0)                     ; 0                 ; 2          ; 0    ; 0            ; |FIR_symmetric|tap:generate_FIR_taps[10].U0 ; tap           ; work         ;
;    |tap:generate_FIR_taps[12].U0| ; 45 (45)             ; 0 (0)                     ; 0                 ; 0          ; 0    ; 0            ; |FIR_symmetric|tap:generate_FIR_taps[12].U0 ; tap           ; work         ;
;    |tap:generate_FIR_taps[13].U0| ; 0 (0)               ; 0 (0)                     ; 0                 ; 1          ; 0    ; 0            ; |FIR_symmetric|tap:generate_FIR_taps[13].U0 ; tap           ; work         ;
;    |tap:generate_FIR_taps[14].U0| ; 0 (0)               ; 0 (0)                     ; 0                 ; 1          ; 0    ; 0            ; |FIR_symmetric|tap:generate_FIR_taps[14].U0 ; tap           ; work         ;
;    |tap:generate_FIR_taps[15].U0| ; 0 (0)               ; 0 (0)                     ; 0                 ; 1          ; 0    ; 0            ; |FIR_symmetric|tap:generate_FIR_taps[15].U0 ; tap           ; work         ;
;    |tap:generate_FIR_taps[16].U0| ; 0 (0)               ; 0 (0)                     ; 0                 ; 1          ; 0    ; 0            ; |FIR_symmetric|tap:generate_FIR_taps[16].U0 ; tap           ; work         ;
;    |tap:generate_FIR_taps[17].U0| ; 0 (0)               ; 0 (0)                     ; 0                 ; 1          ; 0    ; 0            ; |FIR_symmetric|tap:generate_FIR_taps[17].U0 ; tap           ; work         ;
;    |tap:generate_FIR_taps[18].U0| ; 40 (40)             ; 0 (0)                     ; 0                 ; 0          ; 0    ; 0            ; |FIR_symmetric|tap:generate_FIR_taps[18].U0 ; tap           ; work         ;
;    |tap:generate_FIR_taps[19].U0| ; 0 (0)               ; 0 (0)                     ; 0                 ; 1          ; 0    ; 0            ; |FIR_symmetric|tap:generate_FIR_taps[19].U0 ; tap           ; work         ;
;    |tap:generate_FIR_taps[1].U0|  ; 24 (24)             ; 0 (0)                     ; 0                 ; 0          ; 0    ; 0            ; |FIR_symmetric|tap:generate_FIR_taps[1].U0  ; tap           ; work         ;
;    |tap:generate_FIR_taps[20].U0| ; 0 (0)               ; 0 (0)                     ; 0                 ; 1          ; 0    ; 0            ; |FIR_symmetric|tap:generate_FIR_taps[20].U0 ; tap           ; work         ;
;    |tap:generate_FIR_taps[21].U0| ; 0 (0)               ; 0 (0)                     ; 0                 ; 1          ; 0    ; 0            ; |FIR_symmetric|tap:generate_FIR_taps[21].U0 ; tap           ; work         ;
;    |tap:generate_FIR_taps[22].U0| ; 0 (0)               ; 0 (0)                     ; 0                 ; 1          ; 0    ; 0            ; |FIR_symmetric|tap:generate_FIR_taps[22].U0 ; tap           ; work         ;
;    |tap:generate_FIR_taps[23].U0| ; 63 (63)             ; 0 (0)                     ; 0                 ; 0          ; 0    ; 0            ; |FIR_symmetric|tap:generate_FIR_taps[23].U0 ; tap           ; work         ;
;    |tap:generate_FIR_taps[24].U0| ; 0 (0)               ; 0 (0)                     ; 0                 ; 1          ; 0    ; 0            ; |FIR_symmetric|tap:generate_FIR_taps[24].U0 ; tap           ; work         ;
;    |tap:generate_FIR_taps[25].U0| ; 0 (0)               ; 0 (0)                     ; 0                 ; 1          ; 0    ; 0            ; |FIR_symmetric|tap:generate_FIR_taps[25].U0 ; tap           ; work         ;
;    |tap:generate_FIR_taps[2].U0|  ; 79 (79)             ; 0 (0)                     ; 0                 ; 2          ; 0    ; 0            ; |FIR_symmetric|tap:generate_FIR_taps[2].U0  ; tap           ; work         ;
;    |tap:generate_FIR_taps[3].U0|  ; 25 (25)             ; 0 (0)                     ; 0                 ; 2          ; 0    ; 0            ; |FIR_symmetric|tap:generate_FIR_taps[3].U0  ; tap           ; work         ;
;    |tap:generate_FIR_taps[4].U0|  ; 24 (24)             ; 0 (0)                     ; 0                 ; 0          ; 0    ; 0            ; |FIR_symmetric|tap:generate_FIR_taps[4].U0  ; tap           ; work         ;
;    |tap:generate_FIR_taps[5].U0|  ; 25 (25)             ; 0 (0)                     ; 0                 ; 2          ; 0    ; 0            ; |FIR_symmetric|tap:generate_FIR_taps[5].U0  ; tap           ; work         ;
;    |tap:generate_FIR_taps[6].U0|  ; 25 (25)             ; 0 (0)                     ; 0                 ; 2          ; 0    ; 0            ; |FIR_symmetric|tap:generate_FIR_taps[6].U0  ; tap           ; work         ;
;    |tap:generate_FIR_taps[7].U0|  ; 79 (79)             ; 0 (0)                     ; 0                 ; 2          ; 0    ; 0            ; |FIR_symmetric|tap:generate_FIR_taps[7].U0  ; tap           ; work         ;
;    |tap:generate_FIR_taps[8].U0|  ; 25 (25)             ; 0 (0)                     ; 0                 ; 2          ; 0    ; 0            ; |FIR_symmetric|tap:generate_FIR_taps[8].U0  ; tap           ; work         ;
;    |tap:generate_FIR_taps[9].U0|  ; 25 (25)             ; 0 (0)                     ; 0                 ; 2          ; 0    ; 0            ; |FIR_symmetric|tap:generate_FIR_taps[9].U0  ; tap           ; work         ;
+-----------------------------------+---------------------+---------------------------+-------------------+------------+------+--------------+---------------------------------------------+---------------+--------------+
Note: For table entries with two numbers listed, the numbers in parentheses indicate the number of resources of the given type used by the specific entity alone. The numbers listed outside of parentheses indicate the total resources of the given type used by the specific entity and all of its sub-entities in the hierarchy.


+---------------------------------------------------------+
; Analysis & Synthesis DSP Block Usage Summary            ;
+-------------------------------------------+-------------+
; Statistic                                 ; Number Used ;
+-------------------------------------------+-------------+
; Two Independent 18x18                     ; 9           ;
; Sum of two 18x18                          ; 9           ;
; Independent 27x27                         ; 12          ;
; Total number of DSP blocks                ; 30          ;
;                                           ;             ;
; Fixed Point Unsigned Multiplier           ; 39          ;
; Fixed Point Dedicated Pre-Adder           ; 11          ;
; Fixed Point Dedicated Coefficient Storage ; 11          ;
; Fixed Point Dedicated Output Adder Chain  ; 5           ;
+-------------------------------------------+-------------+


+------------------------------------------------------+
; General Register Statistics                          ;
+----------------------------------------------+-------+
; Statistic                                    ; Value ;
+----------------------------------------------+-------+
; Total registers                              ; 1272  ;
; Number of registers using Synchronous Clear  ; 1272  ;
; Number of registers using Synchronous Load   ; 0     ;
; Number of registers using Asynchronous Clear ; 0     ;
; Number of registers using Asynchronous Load  ; 0     ;
; Number of registers using Clock Enable       ; 0     ;
; Number of registers using Preset             ; 0     ;
+----------------------------------------------+-------+


+-------------------------------------------------------------------------------+
; Parameter Settings for User Entity Instance: Top-level Entity: |FIR_symmetric ;
+-----------------+-------+-----------------------------------------------------+
; Parameter Name  ; Value ; Type                                                ;
+-----------------+-------+-----------------------------------------------------+
; N               ; 26    ; Signed Integer                                      ;
; STAGES_NUM      ; 5     ; Signed Integer                                      ;
; ADDER_TREE_SIZE ; 32    ; Signed Integer                                      ;
+-----------------+-------+-----------------------------------------------------+
Note: In order to hide this table in the UI and the text report file, please set the "Show Parameter Settings in Synthesis Report" option in "Analysis and Synthesis Settings -> More Settings" to "Off".


+--------------------------------------------------------------------------+
; Parameter Settings for User Entity Instance: tap:generate_FIR_taps[0].U0 ;
+----------------+-------+-------------------------------------------------+
; Parameter Name ; Value ; Type                                            ;
+----------------+-------+-------------------------------------------------+
; coeff          ; -3    ; Signed Integer                                  ;
+----------------+-------+-------------------------------------------------+
Note: In order to hide this table in the UI and the text report file, please set the "Show Parameter Settings in Synthesis Report" option in "Analysis and Synthesis Settings -> More Settings" to "Off".


+--------------------------------------------------------------------------+
; Parameter Settings for User Entity Instance: tap:generate_FIR_taps[1].U0 ;
+----------------+-------+-------------------------------------------------+
; Parameter Name ; Value ; Type                                            ;
+----------------+-------+-------------------------------------------------+
; coeff          ; -4    ; Signed Integer                                  ;
+----------------+-------+-------------------------------------------------+
Note: In order to hide this table in the UI and the text report file, please set the "Show Parameter Settings in Synthesis Report" option in "Analysis and Synthesis Settings -> More Settings" to "Off".


+--------------------------------------------------------------------------+
; Parameter Settings for User Entity Instance: tap:generate_FIR_taps[2].U0 ;
+----------------+-------+-------------------------------------------------+
; Parameter Name ; Value ; Type                                            ;
+----------------+-------+-------------------------------------------------+
; coeff          ; -5    ; Signed Integer                                  ;
+----------------+-------+-------------------------------------------------+
Note: In order to hide this table in the UI and the text report file, please set the "Show Parameter Settings in Synthesis Report" option in "Analysis and Synthesis Settings -> More Settings" to "Off".


+--------------------------------------------------------------------------+
; Parameter Settings for User Entity Instance: tap:generate_FIR_taps[3].U0 ;
+----------------+-------+-------------------------------------------------+
; Parameter Name ; Value ; Type                                            ;
+----------------+-------+-------------------------------------------------+
; coeff          ; -6    ; Signed Integer                                  ;
+----------------+-------+-------------------------------------------------+
Note: In order to hide this table in the UI and the text report file, please set the "Show Parameter Settings in Synthesis Report" option in "Analysis and Synthesis Settings -> More Settings" to "Off".


+--------------------------------------------------------------------------+
; Parameter Settings for User Entity Instance: tap:generate_FIR_taps[4].U0 ;
+----------------+-------+-------------------------------------------------+
; Parameter Name ; Value ; Type                                            ;
+----------------+-------+-------------------------------------------------+
; coeff          ; -8    ; Signed Integer                                  ;
+----------------+-------+-------------------------------------------------+
Note: In order to hide this table in the UI and the text report file, please set the "Show Parameter Settings in Synthesis Report" option in "Analysis and Synthesis Settings -> More Settings" to "Off".


+--------------------------------------------------------------------------+
; Parameter Settings for User Entity Instance: tap:generate_FIR_taps[5].U0 ;
+----------------+-------+-------------------------------------------------+
; Parameter Name ; Value ; Type                                            ;
+----------------+-------+-------------------------------------------------+
; coeff          ; -10   ; Signed Integer                                  ;
+----------------+-------+-------------------------------------------------+
Note: In order to hide this table in the UI and the text report file, please set the "Show Parameter Settings in Synthesis Report" option in "Analysis and Synthesis Settings -> More Settings" to "Off".


+--------------------------------------------------------------------------+
; Parameter Settings for User Entity Instance: tap:generate_FIR_taps[6].U0 ;
+----------------+-------+-------------------------------------------------+
; Parameter Name ; Value ; Type                                            ;
+----------------+-------+-------------------------------------------------+
; coeff          ; -11   ; Signed Integer                                  ;
+----------------+-------+-------------------------------------------------+
Note: In order to hide this table in the UI and the text report file, please set the "Show Parameter Settings in Synthesis Report" option in "Analysis and Synthesis Settings -> More Settings" to "Off".


+--------------------------------------------------------------------------+
; Parameter Settings for User Entity Instance: tap:generate_FIR_taps[7].U0 ;
+----------------+-------+-------------------------------------------------+
; Parameter Name ; Value ; Type                                            ;
+----------------+-------+-------------------------------------------------+
; coeff          ; -12   ; Signed Integer                                  ;
+----------------+-------+-------------------------------------------------+
Note: In order to hide this table in the UI and the text report file, please set the "Show Parameter Settings in Synthesis Report" option in "Analysis and Synthesis Settings -> More Settings" to "Off".


+--------------------------------------------------------------------------+
; Parameter Settings for User Entity Instance: tap:generate_FIR_taps[8].U0 ;
+----------------+-------+-------------------------------------------------+
; Parameter Name ; Value ; Type                                            ;
+----------------+-------+-------------------------------------------------+
; coeff          ; -12   ; Signed Integer                                  ;
+----------------+-------+-------------------------------------------------+
Note: In order to hide this table in the UI and the text report file, please set the "Show Parameter Settings in Synthesis Report" option in "Analysis and Synthesis Settings -> More Settings" to "Off".


+--------------------------------------------------------------------------+
; Parameter Settings for User Entity Instance: tap:generate_FIR_taps[9].U0 ;
+----------------+-------+-------------------------------------------------+
; Parameter Name ; Value ; Type                                            ;
+----------------+-------+-------------------------------------------------+
; coeff          ; -10   ; Signed Integer                                  ;
+----------------+-------+-------------------------------------------------+
Note: In order to hide this table in the UI and the text report file, please set the "Show Parameter Settings in Synthesis Report" option in "Analysis and Synthesis Settings -> More Settings" to "Off".


+---------------------------------------------------------------------------+
; Parameter Settings for User Entity Instance: tap:generate_FIR_taps[10].U0 ;
+----------------+-------+--------------------------------------------------+
; Parameter Name ; Value ; Type                                             ;
+----------------+-------+--------------------------------------------------+
; coeff          ; -6    ; Signed Integer                                   ;
+----------------+-------+--------------------------------------------------+
Note: In order to hide this table in the UI and the text report file, please set the "Show Parameter Settings in Synthesis Report" option in "Analysis and Synthesis Settings -> More Settings" to "Off".


+---------------------------------------------------------------------------+
; Parameter Settings for User Entity Instance: tap:generate_FIR_taps[11].U0 ;
+----------------+-------+--------------------------------------------------+
; Parameter Name ; Value ; Type                                             ;
+----------------+-------+--------------------------------------------------+
; coeff          ; 0     ; Signed Integer                                   ;
+----------------+-------+--------------------------------------------------+
Note: In order to hide this table in the UI and the text report file, please set the "Show Parameter Settings in Synthesis Report" option in "Analysis and Synthesis Settings -> More Settings" to "Off".


+---------------------------------------------------------------------------+
; Parameter Settings for User Entity Instance: tap:generate_FIR_taps[12].U0 ;
+----------------+-------+--------------------------------------------------+
; Parameter Name ; Value ; Type                                             ;
+----------------+-------+--------------------------------------------------+
; coeff          ; 9     ; Signed Integer                                   ;
+----------------+-------+--------------------------------------------------+
Note: In order to hide this table in the UI and the text report file, please set the "Show Parameter Settings in Synthesis Report" option in "Analysis and Synthesis Settings -> More Settings" to "Off".


+---------------------------------------------------------------------------+
; Parameter Settings for User Entity Instance: tap:generate_FIR_taps[13].U0 ;
+----------------+-------+--------------------------------------------------+
; Parameter Name ; Value ; Type                                             ;
+----------------+-------+--------------------------------------------------+
; coeff          ; 22    ; Signed Integer                                   ;
+----------------+-------+--------------------------------------------------+
Note: In order to hide this table in the UI and the text report file, please set the "Show Parameter Settings in Synthesis Report" option in "Analysis and Synthesis Settings -> More Settings" to "Off".


+---------------------------------------------------------------------------+
; Parameter Settings for User Entity Instance: tap:generate_FIR_taps[14].U0 ;
+----------------+-------+--------------------------------------------------+
; Parameter Name ; Value ; Type                                             ;
+----------------+-------+--------------------------------------------------+
; coeff          ; 38    ; Signed Integer                                   ;
+----------------+-------+--------------------------------------------------+
Note: In order to hide this table in the UI and the text report file, please set the "Show Parameter Settings in Synthesis Report" option in "Analysis and Synthesis Settings -> More Settings" to "Off".


+---------------------------------------------------------------------------+
; Parameter Settings for User Entity Instance: tap:generate_FIR_taps[15].U0 ;
+----------------+-------+--------------------------------------------------+
; Parameter Name ; Value ; Type                                             ;
+----------------+-------+--------------------------------------------------+
; coeff          ; 57    ; Signed Integer                                   ;
+----------------+-------+--------------------------------------------------+
Note: In order to hide this table in the UI and the text report file, please set the "Show Parameter Settings in Synthesis Report" option in "Analysis and Synthesis Settings -> More Settings" to "Off".


+---------------------------------------------------------------------------+
; Parameter Settings for User Entity Instance: tap:generate_FIR_taps[16].U0 ;
+----------------+-------+--------------------------------------------------+
; Parameter Name ; Value ; Type                                             ;
+----------------+-------+--------------------------------------------------+
; coeff          ; 79    ; Signed Integer                                   ;
+----------------+-------+--------------------------------------------------+
Note: In order to hide this table in the UI and the text report file, please set the "Show Parameter Settings in Synthesis Report" option in "Analysis and Synthesis Settings -> More Settings" to "Off".


+---------------------------------------------------------------------------+
; Parameter Settings for User Entity Instance: tap:generate_FIR_taps[17].U0 ;
+----------------+-------+--------------------------------------------------+
; Parameter Name ; Value ; Type                                             ;
+----------------+-------+--------------------------------------------------+
; coeff          ; 104   ; Signed Integer                                   ;
+----------------+-------+--------------------------------------------------+
Note: In order to hide this table in the UI and the text report file, please set the "Show Parameter Settings in Synthesis Report" option in "Analysis and Synthesis Settings -> More Settings" to "Off".


+---------------------------------------------------------------------------+
; Parameter Settings for User Entity Instance: tap:generate_FIR_taps[18].U0 ;
+----------------+-------+--------------------------------------------------+
; Parameter Name ; Value ; Type                                             ;
+----------------+-------+--------------------------------------------------+
; coeff          ; 130   ; Signed Integer                                   ;
+----------------+-------+--------------------------------------------------+
Note: In order to hide this table in the UI and the text report file, please set the "Show Parameter Settings in Synthesis Report" option in "Analysis and Synthesis Settings -> More Settings" to "Off".


+---------------------------------------------------------------------------+
; Parameter Settings for User Entity Instance: tap:generate_FIR_taps[19].U0 ;
+----------------+-------+--------------------------------------------------+
; Parameter Name ; Value ; Type                                             ;
+----------------+-------+--------------------------------------------------+
; coeff          ; 157   ; Signed Integer                                   ;
+----------------+-------+--------------------------------------------------+
Note: In order to hide this table in the UI and the text report file, please set the "Show Parameter Settings in Synthesis Report" option in "Analysis and Synthesis Settings -> More Settings" to "Off".


+---------------------------------------------------------------------------+
; Parameter Settings for User Entity Instance: tap:generate_FIR_taps[20].U0 ;
+----------------+-------+--------------------------------------------------+
; Parameter Name ; Value ; Type                                             ;
+----------------+-------+--------------------------------------------------+
; coeff          ; 183   ; Signed Integer                                   ;
+----------------+-------+--------------------------------------------------+
Note: In order to hide this table in the UI and the text report file, please set the "Show Parameter Settings in Synthesis Report" option in "Analysis and Synthesis Settings -> More Settings" to "Off".


+---------------------------------------------------------------------------+
; Parameter Settings for User Entity Instance: tap:generate_FIR_taps[21].U0 ;
+----------------+-------+--------------------------------------------------+
; Parameter Name ; Value ; Type                                             ;
+----------------+-------+--------------------------------------------------+
; coeff          ; 208   ; Signed Integer                                   ;
+----------------+-------+--------------------------------------------------+
Note: In order to hide this table in the UI and the text report file, please set the "Show Parameter Settings in Synthesis Report" option in "Analysis and Synthesis Settings -> More Settings" to "Off".


+---------------------------------------------------------------------------+
; Parameter Settings for User Entity Instance: tap:generate_FIR_taps[22].U0 ;
+----------------+-------+--------------------------------------------------+
; Parameter Name ; Value ; Type                                             ;
+----------------+-------+--------------------------------------------------+
; coeff          ; 230   ; Signed Integer                                   ;
+----------------+-------+--------------------------------------------------+
Note: In order to hide this table in the UI and the text report file, please set the "Show Parameter Settings in Synthesis Report" option in "Analysis and Synthesis Settings -> More Settings" to "Off".


+---------------------------------------------------------------------------+
; Parameter Settings for User Entity Instance: tap:generate_FIR_taps[23].U0 ;
+----------------+-------+--------------------------------------------------+
; Parameter Name ; Value ; Type                                             ;
+----------------+-------+--------------------------------------------------+
; coeff          ; 248   ; Signed Integer                                   ;
+----------------+-------+--------------------------------------------------+
Note: In order to hide this table in the UI and the text report file, please set the "Show Parameter Settings in Synthesis Report" option in "Analysis and Synthesis Settings -> More Settings" to "Off".


+---------------------------------------------------------------------------+
; Parameter Settings for User Entity Instance: tap:generate_FIR_taps[24].U0 ;
+----------------+-------+--------------------------------------------------+
; Parameter Name ; Value ; Type                                             ;
+----------------+-------+--------------------------------------------------+
; coeff          ; 262   ; Signed Integer                                   ;
+----------------+-------+--------------------------------------------------+
Note: In order to hide this table in the UI and the text report file, please set the "Show Parameter Settings in Synthesis Report" option in "Analysis and Synthesis Settings -> More Settings" to "Off".


+---------------------------------------------------------------------------+
; Parameter Settings for User Entity Instance: tap:generate_FIR_taps[25].U0 ;
+----------------+-------+--------------------------------------------------+
; Parameter Name ; Value ; Type                                             ;
+----------------+-------+--------------------------------------------------+
; coeff          ; 270   ; Signed Integer                                   ;
+----------------+-------+--------------------------------------------------+
Note: In order to hide this table in the UI and the text report file, please set the "Show Parameter Settings in Synthesis Report" option in "Analysis and Synthesis Settings -> More Settings" to "Off".


+-----------------------------------------------------+
; Post-Synthesis Netlist Statistics for Top Partition ;
+-----------------------+-----------------------------+
; Type                  ; Count                       ;
+-----------------------+-----------------------------+
; arriav_ff             ; 1272                        ;
;     SCLR              ; 1272                        ;
; arriav_lcell_comb     ; 742                         ;
;     arith             ; 445                         ;
;         0 data inputs ; 9                           ;
;         1 data inputs ; 32                          ;
;         2 data inputs ; 404                         ;
;     shared            ; 297                         ;
;         1 data inputs ; 10                          ;
;         2 data inputs ; 70                          ;
;         3 data inputs ; 217                         ;
; arriav_mac            ; 30                          ;
; boundary_port         ; 50                          ;
;                       ;                             ;
; Max LUT depth         ; 7.50                        ;
; Average LUT depth     ; 3.74                        ;
+-----------------------+-----------------------------+


+-------------------------------+
; Elapsed Time Per Partition    ;
+----------------+--------------+
; Partition Name ; Elapsed Time ;
+----------------+--------------+
; Top            ; 00:00:00     ;
+----------------+--------------+


+-------------------------------+
; Analysis & Synthesis Messages ;
+-------------------------------+
Info: *******************************************************************
Info: Running Quartus Prime Analysis & Synthesis
    Info: Version 18.1.0 Build 625 09/12/2018 SJ Lite Edition
    Info: Processing started: Wed Jan 03 23:07:59 2024
Info: Command: quartus_map --read_settings_files=on --write_settings_files=off FIR_filter -c FIR_filter
Warning (18236): Number of processors has not been specified which may cause overloading on shared machines.  Set the global assignment NUM_PARALLEL_PROCESSORS in your QSF to an appropriate value for best performance.
Info (20030): Parallel compilation is enabled and will use 12 of the 12 processors detected
Info (12021): Found 1 design units, including 1 entities, in source file fir_addertree.sv
    Info (12023): Found entity 1: FIR_adderTree File: C:/Users/flipa/OneDrive - UBC/Projects/Parallel-FIR-filter-verilog/FIR_adderTree.sv Line: 3
Info (12021): Found 2 design units, including 2 entities, in source file fir_symmetric.sv
    Info (12023): Found entity 1: FIR_symmetric File: C:/Users/flipa/OneDrive - UBC/Projects/Parallel-FIR-filter-verilog/FIR_symmetric.sv Line: 4
    Info (12023): Found entity 2: tap File: C:/Users/flipa/OneDrive - UBC/Projects/Parallel-FIR-filter-verilog/FIR_symmetric.sv Line: 90
Info (12127): Elaborating entity "FIR_symmetric" for the top level hierarchy
Warning (10230): Verilog HDL assignment warning at FIR_symmetric.sv(49): truncated value with size 32 to match size of target (24) File: C:/Users/flipa/OneDrive - UBC/Projects/Parallel-FIR-filter-verilog/FIR_symmetric.sv Line: 49
Info (12128): Elaborating entity "tap" for hierarchy "tap:generate_FIR_taps[0].U0" File: C:/Users/flipa/OneDrive - UBC/Projects/Parallel-FIR-filter-verilog/FIR_symmetric.sv Line: 44
Warning (10230): Verilog HDL assignment warning at FIR_symmetric.sv(96): truncated value with size 32 to match size of target (24) File: C:/Users/flipa/OneDrive - UBC/Projects/Parallel-FIR-filter-verilog/FIR_symmetric.sv Line: 96
Info (12128): Elaborating entity "tap" for hierarchy "tap:generate_FIR_taps[1].U0" File: C:/Users/flipa/OneDrive - UBC/Projects/Parallel-FIR-filter-verilog/FIR_symmetric.sv Line: 44
Warning (10230): Verilog HDL assignment warning at FIR_symmetric.sv(96): truncated value with size 32 to match size of target (24) File: C:/Users/flipa/OneDrive - UBC/Projects/Parallel-FIR-filter-verilog/FIR_symmetric.sv Line: 96
Info (12128): Elaborating entity "tap" for hierarchy "tap:generate_FIR_taps[2].U0" File: C:/Users/flipa/OneDrive - UBC/Projects/Parallel-FIR-filter-verilog/FIR_symmetric.sv Line: 44
Warning (10230): Verilog HDL assignment warning at FIR_symmetric.sv(96): truncated value with size 32 to match size of target (24) File: C:/Users/flipa/OneDrive - UBC/Projects/Parallel-FIR-filter-verilog/FIR_symmetric.sv Line: 96
Info (12128): Elaborating entity "tap" for hierarchy "tap:generate_FIR_taps[3].U0" File: C:/Users/flipa/OneDrive - UBC/Projects/Parallel-FIR-filter-verilog/FIR_symmetric.sv Line: 44
Warning (10230): Verilog HDL assignment warning at FIR_symmetric.sv(96): truncated value with size 32 to match size of target (24) File: C:/Users/flipa/OneDrive - UBC/Projects/Parallel-FIR-filter-verilog/FIR_symmetric.sv Line: 96
Info (12128): Elaborating entity "tap" for hierarchy "tap:generate_FIR_taps[4].U0" File: C:/Users/flipa/OneDrive - UBC/Projects/Parallel-FIR-filter-verilog/FIR_symmetric.sv Line: 44
Warning (10230): Verilog HDL assignment warning at FIR_symmetric.sv(96): truncated value with size 32 to match size of target (24) File: C:/Users/flipa/OneDrive - UBC/Projects/Parallel-FIR-filter-verilog/FIR_symmetric.sv Line: 96
Info (12128): Elaborating entity "tap" for hierarchy "tap:generate_FIR_taps[5].U0" File: C:/Users/flipa/OneDrive - UBC/Projects/Parallel-FIR-filter-verilog/FIR_symmetric.sv Line: 44
Warning (10230): Verilog HDL assignment warning at FIR_symmetric.sv(96): truncated value with size 32 to match size of target (24) File: C:/Users/flipa/OneDrive - UBC/Projects/Parallel-FIR-filter-verilog/FIR_symmetric.sv Line: 96
Info (12128): Elaborating entity "tap" for hierarchy "tap:generate_FIR_taps[6].U0" File: C:/Users/flipa/OneDrive - UBC/Projects/Parallel-FIR-filter-verilog/FIR_symmetric.sv Line: 44
Warning (10230): Verilog HDL assignment warning at FIR_symmetric.sv(96): truncated value with size 32 to match size of target (24) File: C:/Users/flipa/OneDrive - UBC/Projects/Parallel-FIR-filter-verilog/FIR_symmetric.sv Line: 96
Info (12128): Elaborating entity "tap" for hierarchy "tap:generate_FIR_taps[7].U0" File: C:/Users/flipa/OneDrive - UBC/Projects/Parallel-FIR-filter-verilog/FIR_symmetric.sv Line: 44
Warning (10230): Verilog HDL assignment warning at FIR_symmetric.sv(96): truncated value with size 32 to match size of target (24) File: C:/Users/flipa/OneDrive - UBC/Projects/Parallel-FIR-filter-verilog/FIR_symmetric.sv Line: 96
Info (12128): Elaborating entity "tap" for hierarchy "tap:generate_FIR_taps[11].U0" File: C:/Users/flipa/OneDrive - UBC/Projects/Parallel-FIR-filter-verilog/FIR_symmetric.sv Line: 44
Warning (10230): Verilog HDL assignment warning at FIR_symmetric.sv(96): truncated value with size 32 to match size of target (24) File: C:/Users/flipa/OneDrive - UBC/Projects/Parallel-FIR-filter-verilog/FIR_symmetric.sv Line: 96
Info (12128): Elaborating entity "tap" for hierarchy "tap:generate_FIR_taps[12].U0" File: C:/Users/flipa/OneDrive - UBC/Projects/Parallel-FIR-filter-verilog/FIR_symmetric.sv Line: 44
Warning (10230): Verilog HDL assignment warning at FIR_symmetric.sv(96): truncated value with size 32 to match size of target (24) File: C:/Users/flipa/OneDrive - UBC/Projects/Parallel-FIR-filter-verilog/FIR_symmetric.sv Line: 96
Info (12128): Elaborating entity "tap" for hierarchy "tap:generate_FIR_taps[13].U0" File: C:/Users/flipa/OneDrive - UBC/Projects/Parallel-FIR-filter-verilog/FIR_symmetric.sv Line: 44
Warning (10230): Verilog HDL assignment warning at FIR_symmetric.sv(96): truncated value with size 32 to match size of target (24) File: C:/Users/flipa/OneDrive - UBC/Projects/Parallel-FIR-filter-verilog/FIR_symmetric.sv Line: 96
Info (12128): Elaborating entity "tap" for hierarchy "tap:generate_FIR_taps[14].U0" File: C:/Users/flipa/OneDrive - UBC/Projects/Parallel-FIR-filter-verilog/FIR_symmetric.sv Line: 44
Warning (10230): Verilog HDL assignment warning at FIR_symmetric.sv(96): truncated value with size 32 to match size of target (24) File: C:/Users/flipa/OneDrive - UBC/Projects/Parallel-FIR-filter-verilog/FIR_symmetric.sv Line: 96
Info (12128): Elaborating entity "tap" for hierarchy "tap:generate_FIR_taps[15].U0" File: C:/Users/flipa/OneDrive - UBC/Projects/Parallel-FIR-filter-verilog/FIR_symmetric.sv Line: 44
Warning (10230): Verilog HDL assignment warning at FIR_symmetric.sv(96): truncated value with size 32 to match size of target (24) File: C:/Users/flipa/OneDrive - UBC/Projects/Parallel-FIR-filter-verilog/FIR_symmetric.sv Line: 96
Info (12128): Elaborating entity "tap" for hierarchy "tap:generate_FIR_taps[16].U0" File: C:/Users/flipa/OneDrive - UBC/Projects/Parallel-FIR-filter-verilog/FIR_symmetric.sv Line: 44
Warning (10230): Verilog HDL assignment warning at FIR_symmetric.sv(96): truncated value with size 32 to match size of target (24) File: C:/Users/flipa/OneDrive - UBC/Projects/Parallel-FIR-filter-verilog/FIR_symmetric.sv Line: 96
Info (12128): Elaborating entity "tap" for hierarchy "tap:generate_FIR_taps[17].U0" File: C:/Users/flipa/OneDrive - UBC/Projects/Parallel-FIR-filter-verilog/FIR_symmetric.sv Line: 44
Warning (10230): Verilog HDL assignment warning at FIR_symmetric.sv(96): truncated value with size 32 to match size of target (24) File: C:/Users/flipa/OneDrive - UBC/Projects/Parallel-FIR-filter-verilog/FIR_symmetric.sv Line: 96
Info (12128): Elaborating entity "tap" for hierarchy "tap:generate_FIR_taps[18].U0" File: C:/Users/flipa/OneDrive - UBC/Projects/Parallel-FIR-filter-verilog/FIR_symmetric.sv Line: 44
Warning (10230): Verilog HDL assignment warning at FIR_symmetric.sv(96): truncated value with size 32 to match size of target (24) File: C:/Users/flipa/OneDrive - UBC/Projects/Parallel-FIR-filter-verilog/FIR_symmetric.sv Line: 96
Info (12128): Elaborating entity "tap" for hierarchy "tap:generate_FIR_taps[19].U0" File: C:/Users/flipa/OneDrive - UBC/Projects/Parallel-FIR-filter-verilog/FIR_symmetric.sv Line: 44
Warning (10230): Verilog HDL assignment warning at FIR_symmetric.sv(96): truncated value with size 32 to match size of target (24) File: C:/Users/flipa/OneDrive - UBC/Projects/Parallel-FIR-filter-verilog/FIR_symmetric.sv Line: 96
Info (12128): Elaborating entity "tap" for hierarchy "tap:generate_FIR_taps[20].U0" File: C:/Users/flipa/OneDrive - UBC/Projects/Parallel-FIR-filter-verilog/FIR_symmetric.sv Line: 44
Warning (10230): Verilog HDL assignment warning at FIR_symmetric.sv(96): truncated value with size 32 to match size of target (24) File: C:/Users/flipa/OneDrive - UBC/Projects/Parallel-FIR-filter-verilog/FIR_symmetric.sv Line: 96
Info (12128): Elaborating entity "tap" for hierarchy "tap:generate_FIR_taps[21].U0" File: C:/Users/flipa/OneDrive - UBC/Projects/Parallel-FIR-filter-verilog/FIR_symmetric.sv Line: 44
Warning (10230): Verilog HDL assignment warning at FIR_symmetric.sv(96): truncated value with size 32 to match size of target (24) File: C:/Users/flipa/OneDrive - UBC/Projects/Parallel-FIR-filter-verilog/FIR_symmetric.sv Line: 96
Info (12128): Elaborating entity "tap" for hierarchy "tap:generate_FIR_taps[22].U0" File: C:/Users/flipa/OneDrive - UBC/Projects/Parallel-FIR-filter-verilog/FIR_symmetric.sv Line: 44
Warning (10230): Verilog HDL assignment warning at FIR_symmetric.sv(96): truncated value with size 32 to match size of target (24) File: C:/Users/flipa/OneDrive - UBC/Projects/Parallel-FIR-filter-verilog/FIR_symmetric.sv Line: 96
Info (12128): Elaborating entity "tap" for hierarchy "tap:generate_FIR_taps[23].U0" File: C:/Users/flipa/OneDrive - UBC/Projects/Parallel-FIR-filter-verilog/FIR_symmetric.sv Line: 44
Warning (10230): Verilog HDL assignment warning at FIR_symmetric.sv(96): truncated value with size 32 to match size of target (24) File: C:/Users/flipa/OneDrive - UBC/Projects/Parallel-FIR-filter-verilog/FIR_symmetric.sv Line: 96
Info (12128): Elaborating entity "tap" for hierarchy "tap:generate_FIR_taps[24].U0" File: C:/Users/flipa/OneDrive - UBC/Projects/Parallel-FIR-filter-verilog/FIR_symmetric.sv Line: 44
Warning (10230): Verilog HDL assignment warning at FIR_symmetric.sv(96): truncated value with size 32 to match size of target (24) File: C:/Users/flipa/OneDrive - UBC/Projects/Parallel-FIR-filter-verilog/FIR_symmetric.sv Line: 96
Info (12128): Elaborating entity "tap" for hierarchy "tap:generate_FIR_taps[25].U0" File: C:/Users/flipa/OneDrive - UBC/Projects/Parallel-FIR-filter-verilog/FIR_symmetric.sv Line: 44
Warning (10230): Verilog HDL assignment warning at FIR_symmetric.sv(96): truncated value with size 32 to match size of target (24) File: C:/Users/flipa/OneDrive - UBC/Projects/Parallel-FIR-filter-verilog/FIR_symmetric.sv Line: 96
Info (16010): Generating hard_block partition "hard_block:auto_generated_inst"
    Info (16011): Adding 0 node(s), including 0 DDIO, 0 PLL, 0 transceiver and 0 LCELL
Info (21057): Implemented 2094 device resources after synthesis - the final resource count might be different
    Info (21058): Implemented 26 input pins
    Info (21059): Implemented 24 output pins
    Info (21061): Implemented 2014 logic cells
    Info (21062): Implemented 30 DSP elements
Info: Quartus Prime Analysis & Synthesis was successful. 0 errors, 25 warnings
    Info: Peak virtual memory: 4869 megabytes
    Info: Processing ended: Wed Jan 03 23:08:14 2024
    Info: Elapsed time: 00:00:15
    Info: Total CPU time (on all processors): 00:00:12


