------------------------------------------------------------
Timing Analyzer Summary
------------------------------------------------------------

Type  : Slow 1100mV 85C Model Setup 'clk'
Slack : -1.554
TNS   : -76.774

Type  : Slow 1100mV 85C Model Hold 'clk'
Slack : 0.360
TNS   : 0.000

Type  : Slow 1100mV 85C Model Minimum Pulse Width 'clk'
Slack : -3.545
TNS   : -423.058

Type  : Slow 1100mV 0C Model Setup 'clk'
Slack : -1.645
TNS   : -62.481

Type  : Slow 1100mV 0C Model Hold 'clk'
Slack : 0.225
TNS   : 0.000

Type  : Slow 1100mV 0C Model Minimum Pulse Width 'clk'
Slack : -3.545
TNS   : -423.806

Type  : Fast 1100mV 85C Model Setup 'clk'
Slack : -0.011
TNS   : -0.018

Type  : Fast 1100mV 85C Model Hold 'clk'
Slack : 0.140
TNS   : 0.000

Type  : Fast 1100mV 85C Model Minimum Pulse Width 'clk'
Slack : -1.702
TNS   : -175.096

Type  : Fast 1100mV 0C Model Setup 'clk'
Slack : 0.141
TNS   : 0.000

Type  : Fast 1100mV 0C Model Hold 'clk'
Slack : 0.076
TNS   : 0.000

Type  : Fast 1100mV 0C Model Minimum Pulse Width 'clk'
Slack : -1.702
TNS   : -175.277

------------------------------------------------------------
